
> rida@0.1.0 dev
> next dev

▲ Next.js 16.3.3 (Turbopack)
- Local:         http://localhost:3000
- Network:       http://172.20.10.2:3000
✓ Ready in 187ms
✓ Running next.config.ts took 42ms

○ Compiling / ...
 GET / 200 in 3.6s (next.js: 3.5s, application-code: 87ms)
⨯ ./src/modules/agent/ui/views/agent-view.tsx:12:1
Error: Module not found: Can't resolve '@convex/_generated/api'
  [90m10 |[0m   [33mSparkles[0m,
  [90m11 |[0m } [36mfrom[0m [32m"lucide-react"[0m;
[31m[1m>[0m [90m12 |[0m [36mimport[0m { api } [36mfrom[0m [32m"@convex/_generated/api"[0m;
  [90m   |[0m [31m[1m^^^^^^^^^^^^^^^^^^^^^^^^^^^^^^^^^^^^^^^^^^^^^[0m
  [90m13 |[0m [36mimport[0m [36mtype[0m { [33mId[0m } [36mfrom[0m [32m"@convex/_generated/dataModel"[0m;
  [90m14 |[0m [36mimport[0m { [33mAgentSidebar[0m } [36mfrom[0m [32m"../components/agent-sidebar"[0m;
  [90m15 |[0m [36mimport[0m { [33mComposer[0m } [36mfrom[0m [32m"../components/composer"[0m;

Import map: aliased to relative './convex/_generated/api' inside of [project]/


Import trace:
  Server Component:
    ./src/modules/agent/ui/views/agent-view.tsx
    ./src/app/page.tsx

https://nextjs.org/docs/messages/module-not-found


⨯ ./src/modules/agent/ui/views/agent-view.tsx:12:1
Error: Module not found: Can't resolve '@convex/_generated/api'
  [90m10 |[0m   [33mSparkles[0m,
  [90m11 |[0m } [36mfrom[0m [32m"lucide-react"[0m;
[31m[1m>[0m [90m12 |[0m [36mimport[0m { api } [36mfrom[0m [32m"@convex/_generated/api"[0m;
  [90m   |[0m [31m[1m^^^^^^^^^^^^^^^^^^^^^^^^^^^^^^^^^^^^^^^^^^^^^[0m
  [90m13 |[0m [36mimport[0m [36mtype[0m { [33mId[0m } [36mfrom[0m [32m"@convex/_generated/dataModel"[0m;
  [90m14 |[0m [36mimport[0m { [33mAgentSidebar[0m } [36mfrom[0m [32m"../components/agent-sidebar"[0m;
  [90m15 |[0m [36mimport[0m { [33mComposer[0m } [36mfrom[0m [32m"../components/composer"[0m;

Import map: aliased to relative './convex/_generated/api' inside of [project]/


Import trace:
  Server Component:
    ./src/modules/agent/ui/views/agent-view.tsx
    ./src/app/page.tsx

https://nextjs.org/docs/messages/module-not-found


⨯ ./src/modules/agent/ui/views/agent-view.tsx:12:1
Error: Module not found: Can't resolve '@convex/_generated/api'
  [90m10 |[0m   [33mSparkles[0m,
  [90m11 |[0m } [36mfrom[0m [32m"lucide-react"[0m;
[31m[1m>[0m [90m12 |[0m [36mimport[0m { api } [36mfrom[0m [32m"@convex/_generated/api"[0m;
  [90m   |[0m [31m[1m^^^^^^^^^^^^^^^^^^^^^^^^^^^^^^^^^^^^^^^^^^^^^[0m
  [90m13 |[0m [36mimport[0m [36mtype[0m { [33mId[0m } [36mfrom[0m [32m"@convex/_generated/dataModel"[0m;
  [90m14 |[0m [36mimport[0m { [33mAgentSidebar[0m } [36mfrom[0m [32m"../components/agent-sidebar"[0m;
  [90m15 |[0m [36mimport[0m { [33mComposer[0m } [36mfrom[0m [32m"../components/composer"[0m;

Import map: aliased to relative './convex/_generated/api' inside of [project]/


Import trace:
  Server Component:
    ./src/modules/agent/ui/views/agent-view.tsx
    ./src/app/page.tsx

https://nextjs.org/docs/messages/module-not-found


⨯ ./src/modules/agent/ui/views/agent-view.tsx:12:1
Error: Module not found: Can't resolve '@convex/_generated/api'
  [90m10 |[0m   [33mSparkles[0m,
  [90m11 |[0m } [36mfrom[0m [32m"lucide-react"[0m;
[31m[1m>[0m [90m12 |[0m [36mimport[0m { api } [36mfrom[0m [32m"@convex/_generated/api"[0m;
  [90m   |[0m [31m[1m^^^^^^^^^^^^^^^^^^^^^^^^^^^^^^^^^^^^^^^^^^^^^[0m
  [90m13 |[0m [36mimport[0m [36mtype[0m { [33mId[0m } [36mfrom[0m [32m"@convex/_generated/dataModel"[0m;
  [90m14 |[0m [36mimport[0m { [33mAgentSidebar[0m } [36mfrom[0m [32m"../components/agent-sidebar"[0m;
  [90m15 |[0m [36mimport[0m { [33mComposer[0m } [36mfrom[0m [32m"../components/composer"[0m;

Import map: aliased to relative './convex/_generated/api' inside of [project]/


Import trace:
  Server Component:
    ./src/modules/agent/ui/views/agent-view.tsx
    ./src/app/page.tsx

https://nextjs.org/docs/messages/module-not-found


⨯ ./src/modules/agent/ui/views/agent-view.tsx:12:1
Error: Module not found: Can't resolve '@convex/_generated/api'
  [90m10 |[0m   [33mSparkles[0m,
  [90m11 |[0m } [36mfrom[0m [32m"lucide-react"[0m;
[31m[1m>[0m [90m12 |[0m [36mimport[0m { api } [36mfrom[0m [32m"@convex/_generated/api"[0m;
  [90m   |[0m [31m[1m^^^^^^^^^^^^^^^^^^^^^^^^^^^^^^^^^^^^^^^^^^^^^[0m
  [90m13 |[0m [36mimport[0m [36mtype[0m { [33mId[0m } [36mfrom[0m [32m"@convex/_generated/dataModel"[0m;
  [90m14 |[0m [36mimport[0m { [33mAgentSidebar[0m } [36mfrom[0m [32m"../components/agent-sidebar"[0m;
  [90m15 |[0m [36mimport[0m { [33mComposer[0m } [36mfrom[0m [32m"../components/composer"[0m;

Import map: aliased to relative './convex/_generated/api' inside of [project]/


Import trace:
  Server Component:
    ./src/modules/agent/ui/views/agent-view.tsx
    ./src/app/page.tsx

https://nextjs.org/docs/messages/module-not-found


⨯ ./src/modules/agent/ui/views/agent-view.tsx:12:1
Error: Module not found: Can't resolve '@convex/_generated/api'
  [90m10 |[0m   [33mSparkles[0m,
  [90m11 |[0m } [36mfrom[0m [32m"lucide-react"[0m;
[31m[1m>[0m [90m12 |[0m [36mimport[0m { api } [36mfrom[0m [32m"@convex/_generated/api"[0m;
  [90m   |[0m [31m[1m^^^^^^^^^^^^^^^^^^^^^^^^^^^^^^^^^^^^^^^^^^^^^[0m
  [90m13 |[0m [36mimport[0m [36mtype[0m { [33mId[0m } [36mfrom[0m [32m"@convex/_generated/dataModel"[0m;
  [90m14 |[0m [36mimport[0m { [33mAgentSidebar[0m } [36mfrom[0m [32m"../components/agent-sidebar"[0m;
  [90m15 |[0m [36mimport[0m { [33mComposer[0m } [36mfrom[0m [32m"../components/composer"[0m;

Import map: aliased to relative './convex/_generated/api' inside of [project]/


Import trace:
  Server Component:
    ./src/modules/agent/ui/views/agent-view.tsx
    ./src/app/page.tsx

https://nextjs.org/docs/messages/module-not-found


⨯ ./src/modules/agent/ui/views/agent-view.tsx:12:1
Error: Module not found: Can't resolve '@convex/_generated/api'
  [90m10 |[0m   [33mSparkles[0m,
  [90m11 |[0m } [36mfrom[0m [32m"lucide-react"[0m;
[31m[1m>[0m [90m12 |[0m [36mimport[0m { api } [36mfrom[0m [32m"@convex/_generated/api"[0m;
  [90m   |[0m [31m[1m^^^^^^^^^^^^^^^^^^^^^^^^^^^^^^^^^^^^^^^^^^^^^[0m
  [90m13 |[0m [36mimport[0m [36mtype[0m { [33mId[0m } [36mfrom[0m [32m"@convex/_generated/dataModel"[0m;
  [90m14 |[0m [36mimport[0m { [33mAgentSidebar[0m } [36mfrom[0m [32m"../components/agent-sidebar"[0m;
  [90m15 |[0m [36mimport[0m { [33mComposer[0m } [36mfrom[0m [32m"../components/composer"[0m;

Import map: aliased to relative './convex/_generated/api' inside of [project]/


Import trace:
  Server Component:
    ./src/modules/agent/ui/views/agent-view.tsx
    ./src/app/page.tsx

https://nextjs.org/docs/messages/module-not-found


⨯ ./src/modules/agent/ui/views/agent-view.tsx:12:1
Error: Module not found: Can't resolve '@convex/_generated/api'
  [90m10 |[0m   [33mSparkles[0m,
  [90m11 |[0m } [36mfrom[0m [32m"lucide-react"[0m;
[31m[1m>[0m [90m12 |[0m [36mimport[0m { api } [36mfrom[0m [32m"@convex/_generated/api"[0m;
  [90m   |[0m [31m[1m^^^^^^^^^^^^^^^^^^^^^^^^^^^^^^^^^^^^^^^^^^^^^[0m
  [90m13 |[0m [36mimport[0m [36mtype[0m { [33mId[0m } [36mfrom[0m [32m"@convex/_generated/dataModel"[0m;
  [90m14 |[0m [36mimport[0m { [33mAgentSidebar[0m } [36mfrom[0m [32m"../components/agent-sidebar"[0m;
  [90m15 |[0m [36mimport[0m { [33mComposer[0m } [36mfrom[0m [32m"../components/composer"[0m;

Import map: aliased to relative './convex/_generated/api' inside of [project]/


Import trace:
  Server Component:
    ./src/modules/agent/ui/views/agent-view.tsx
    ./src/app/page.tsx

https://nextjs.org/docs/messages/module-not-found


⨯ ./src/modules/agent/ui/views/agent-view.tsx:12:1
Error: Module not found: Can't resolve '@convex/_generated/api'
  [90m10 |[0m   [33mSparkles[0m,
  [90m11 |[0m } [36mfrom[0m [32m"lucide-react"[0m;
[31m[1m>[0m [90m12 |[0m [36mimport[0m { api } [36mfrom[0m [32m"@convex/_generated/api"[0m;
  [90m   |[0m [31m[1m^^^^^^^^^^^^^^^^^^^^^^^^^^^^^^^^^^^^^^^^^^^^^[0m
  [90m13 |[0m [36mimport[0m [36mtype[0m { [33mId[0m } [36mfrom[0m [32m"@convex/_generated/dataModel"[0m;
  [90m14 |[0m [36mimport[0m { [33mAgentSidebar[0m } [36mfrom[0m [32m"../components/agent-sidebar"[0m;
  [90m15 |[0m [36mimport[0m { [33mComposer[0m } [36mfrom[0m [32m"../components/composer"[0m;

Import map: aliased to relative './convex/_generated/api' inside of [project]/


Import trace:
  Server Component:
    ./src/modules/agent/ui/views/agent-view.tsx
    ./src/app/page.tsx

https://nextjs.org/docs/messages/module-not-found


⨯ ./src/modules/agent/ui/views/agent-view.tsx:12:1
Error: Module not found: Can't resolve '@convex/_generated/api'
  [90m10 |[0m   [33mSparkles[0m,
  [90m11 |[0m } [36mfrom[0m [32m"lucide-react"[0m;
[31m[1m>[0m [90m12 |[0m [36mimport[0m { api } [36mfrom[0m [32m"@convex/_generated/api"[0m;
  [90m   |[0m [31m[1m^^^^^^^^^^^^^^^^^^^^^^^^^^^^^^^^^^^^^^^^^^^^^[0m
  [90m13 |[0m [36mimport[0m [36mtype[0m { [33mId[0m } [36mfrom[0m [32m"@convex/_generated/dataModel"[0m;
  [90m14 |[0m [36mimport[0m { [33mAgentSidebar[0m } [36mfrom[0m [32m"../components/agent-sidebar"[0m;
  [90m15 |[0m [36mimport[0m { [33mComposer[0m } [36mfrom[0m [32m"../components/composer"[0m;

Import map: aliased to relative './convex/_generated/api' inside of [project]/


Import trace:
  Server Component:
    ./src/modules/agent/ui/views/agent-view.tsx
    ./src/app/page.tsx

https://nextjs.org/docs/messages/module-not-found


⨯ ./src/modules/agent/ui/views/agent-view.tsx:12:1
Error: Module not found: Can't resolve '@convex/_generated/api'
  [90m10 |[0m   [33mSparkles[0m,
  [90m11 |[0m } [36mfrom[0m [32m"lucide-react"[0m;
[31m[1m>[0m [90m12 |[0m [36mimport[0m { api } [36mfrom[0m [32m"@convex/_generated/api"[0m;
  [90m   |[0m [31m[1m^^^^^^^^^^^^^^^^^^^^^^^^^^^^^^^^^^^^^^^^^^^^^[0m
  [90m13 |[0m [36mimport[0m [36mtype[0m { [33mId[0m } [36mfrom[0m [32m"@convex/_generated/dataModel"[0m;
  [90m14 |[0m [36mimport[0m { [33mAgentSidebar[0m } [36mfrom[0m [32m"../components/agent-sidebar"[0m;
  [90m15 |[0m [36mimport[0m { [33mComposer[0m } [36mfrom[0m [32m"../components/composer"[0m;

Import map: aliased to relative './convex/_generated/api' inside of [project]/


Import trace:
  Server Component:
    ./src/modules/agent/ui/views/agent-view.tsx
    ./src/app/page.tsx

https://nextjs.org/docs/messages/module-not-found


⨯ ./src/modules/agent/ui/views/agent-view.tsx:12:1
Error: Module not found: Can't resolve '@convex/_generated/api'
  [90m10 |[0m   [33mSparkles[0m,
  [90m11 |[0m } [36mfrom[0m [32m"lucide-react"[0m;
[31m[1m>[0m [90m12 |[0m [36mimport[0m { api } [36mfrom[0m [32m"@convex/_generated/api"[0m;
  [90m   |[0m [31m[1m^^^^^^^^^^^^^^^^^^^^^^^^^^^^^^^^^^^^^^^^^^^^^[0m
  [90m13 |[0m [36mimport[0m [36mtype[0m { [33mId[0m } [36mfrom[0m [32m"@convex/_generated/dataModel"[0m;
  [90m14 |[0m [36mimport[0m { [33mAgentSidebar[0m } [36mfrom[0m [32m"../components/agent-sidebar"[0m;
  [90m15 |[0m [36mimport[0m { [33mComposer[0m } [36mfrom[0m [32m"../components/composer"[0m;

Import map: aliased to relative './convex/_generated/api' inside of [project]/


Import trace:
  Server Component:
    ./src/modules/agent/ui/views/agent-view.tsx
    ./src/app/page.tsx

https://nextjs.org/docs/messages/module-not-found


 GET / 200 in 157ms (next.js: 76ms, application-code: 81ms)
  Reload env: .env.local
⨯ TypeError: Cannot read properties of undefined (reading 'list')
    at AgentViewConnected (src/modules/agent/ui/views/agent-view.tsx:92:48)
  90 |
  91 | function AgentViewConnected() {
> 92 |   const sessionsResult = useQuery(api.sessions.list);
     |                                                ^
  93 |   const sendUser = useMutation(api.messages.sendUser);
  94 |   const saveAssistant = useMutation(api.messages.saveAssistant);
  95 | {
  digest: '1543472165'
}
 GET / 500 in 196ms (next.js: 72ms, application-code: 125ms)
[?25h
